<html>
<body>
<pre>
<h1>µVision Build Log</h1>
<h2>Project:</h2>
D:\’≈ª‘\13th_final\GPS\Project\GPS.uvproj
Project File Date:  05/19/2014

<h2>Output:</h2>
Rebuild target 'GPS'
compiling main.c...
compiling stm32f10x_it.c...
compiling system_stm32f10x.c...
compiling stm32f10x_gpio.c...
compiling stm32f10x_rcc.c...
compiling stm32f10x_usart.c...
compiling stm32f10x_flash.c...
compiling misc.c...
compiling stm32f10x_can.c...
compiling stm32f10x_tim.c...
compiling stm32f10x_dma.c...
compiling core_cm3.c...
assembling startup_stm32f10x_hd.s...
compiling gyro.c...
compiling qei.c...
compiling SysTick.c...
compiling usart.c...
compiling init.c...
compiling gps.c...
compiling lcd.c...
..\owner\c\lcd.c(189): warning:  #177-D: variable "i" was declared but never referenced
..\owner\c\lcd.c(189): warning:  #177-D: variable "j" was declared but never referenced
..\owner\c\lcd.c(189): warning:  #177-D: variable "k" was declared but never referenced
compiling encoder.c...
compiling can_database.c...
compiling Command.c...
compiling can.c...
compiling flash.c...
compiling pwm.c...
compiling mymath.c...
linking...
Program Size: Code=24736 RO-data=1008 RW-data=1808 ZI-data=1576  
".\Obj\GPS.axf" - 0 Error(s), 3 Warning(s).
Build target 'GPS'
linking...
Program Size: Code=24736 RO-data=1008 RW-data=1808 ZI-data=1576  
".\Obj\GPS.axf" - 0 Error(s), 0 Warning(s).
Load "D:\\’≈ª‘\\13th_final\\GPS\\Project\\Obj\\GPS.axf" 
Set JLink Project File to "D:\’≈ª‘\13th_final\GPS\Project\JLinkSettings.ini"
* JLink Info: Device "STM32F103RC" selected (256 KB flash, 48 KB RAM).
 
JLink info:
------------
DLL: V4.40 , compiled Dec  9 2011 18:59:34
Firmware: J-Link ARM-OB STM32 compiled Aug 22 2012 19:52:04
Hardware: V7.00
S/N : 20090928 
Feature(s) : RDI,FlashDL,FlashBP,JFlash,GDBFull 
 
* JLink Info: Found SWD-DP with ID 0x1BA01477
* JLink Info: TPIU fitted.
* JLink Info: ETM fitted.
* JLink Info:   FPUnit: 6 code (BP) slots and 2 literal slots
* JLink Info: Found Cortex-M3 r1p1, Little endian.
ROMTableAddr = 0xE00FF003
* JLink Info: Found SWD-DP with ID 0x1BA01477
* JLink Info: TPIU fitted.
* JLink Info: ETM fitted.
* JLink Info:   FPUnit: 6 code (BP) slots and 2 literal slots
* JLink Info: Found Cortex-M3 r1p1, Little endian.
 
Target info:
------------
Device: STM32F103RC
VTarget = 3.300V
State of Pins: 
TCK: 0, TDI: 0, TDO: 1, TMS: 0, TRES: 1, TRST: 1
Hardware-Breakpoints: 6
Software-Breakpoints: 8192
Watchpoints:          4
JTAG speed: 2000 kHz
 
Erase Done.
Programming Done.
Verify OK.
* JLink Info: Found SWD-DP with ID 0x1BA01477
* JLink Info: TPIU fitted.
* JLink Info: ETM fitted.
* JLink Info:   FPUnit: 6 code (BP) slots and 2 literal slots
* JLink Info: Found Cortex-M3 r1p1, Little endian.
Application running ...
Build target 'GPS'
linking...
Program Size: Code=24736 RO-data=1008 RW-data=1808 ZI-data=1576  
".\Obj\GPS.axf" - 0 Error(s), 0 Warning(s).
